Archive member included because of file (symbol)

c:/MWSDK/Wks_TWELITE/pencil_prod_counter/../../TWENET/L1200/lib/libTWENET_RED.a(ToCoNet_main.o)
                              objs_RED/Main.o (symbol from plugin) (ToCoNet_vDebugInit)
c:/MWSDK/Wks_TWELITE/pencil_prod_counter/../../TWENET/L1200/lib/libTWENET_RED.a(ToCoNet_utils.o)
                              ToCoNet_main.o (symbol from plugin) (ToCoNet_u32GetVersion)
c:/MWSDK/Wks_TWELITE/pencil_prod_counter/../../TWENET/L1200/lib/libTWENET_RED.a(ToCoNet_mod_Nwk_Common.o)
                              ToCoNet_main.o (symbol from plugin) (ToCoNet_vRxProc_Mod)
c:/MWSDK/Wks_TWELITE/pencil_prod_counter/../../TWENET/L1200/lib/libTWENET_RED.a(ToCoNet_mod_Channel_Mgr.o)
                              ToCoNet_main.o (symbol from plugin) (ToCoNet_ChMgr_bCh_Reconfig)
c:/MWSDK/Wks_TWELITE/pencil_prod_counter/../../TWENET/L1200/lib/libTWENET_RED.a(Version.o)
                              ToCoNet_utils.o (symbol from plugin) (au8ToCoNetVersionInfo)
c:/MWSDK/Wks_TWELITE/pencil_prod_counter/../../TWENET/L1200/lib/libTWENET_RED.a(AppQueueApi_ToCoNet.o)
                              ToCoNet_main.o (symbol from plugin) (u32AppQApiInitInt_PATCH)
c:/MWSDK/Wks_TWELITE/pencil_prod_counter/../../TWENET/L1200/lib/libTWENET_RED.a(ToCoNet_event.o)
                              ToCoNet_main.o (symbol from plugin) (PRSEV_vInit)
c:/MWSDK/Wks_TWELITE/pencil_prod_counter/../../TWENET/L1200/lib/libTWENEText_RED.a(AppStart.o)
                              (AppColdStart)
c:/MWSDK/Wks_TWELITE/pencil_prod_counter/../../TWENET/L1200/lib/libTWENEText_RED.a(getMacAddr.o)
                              ToCoNet_main.o (symbol from plugin) (ToCoNet_u32GetSerialOnBoot)
c:/MWSDK/Wks_TWELITE/pencil_prod_counter/../../TWENET/L1200/lib/libTWENEText_RED.a(mac.o)
                              ToCoNet_main.o (symbol from plugin) (Mac_vInit)
c:/MWSDK/Wks_TWELITE/pencil_prod_counter/../../TWENET/L1200/lib/libTWENEText_RED.a(AES_CCM.o)
                              AppStart.o (symbol from plugin) (bAES_CCM_KeyReg)
c:/MWSDK/Wks_TWELITE/pencil_prod_counter/../../TWENET/L1200/lib/libTWENEText_RED.a(no_ack_handler.o)
                              AppStart.o (symbol from plugin) (vInstallNoAckHandler)
c:/MWSDK/Wks_TWELITE/pencil_prod_counter/../../TWENET/L1200/lib/libTWENEText_RED.a(Version.o)
                              ToCoNet_utils.o (symbol from plugin) (au8ToCoNetExtVersionInfo)
c:/MWSDK/Wks_TWELITE/pencil_prod_counter/../../TWENET/L1200/lib/libTWENETutils_RED.a(serial.o)
                              objs_RED/Main.o (symbol from plugin) (SERIAL_vInit)
c:/MWSDK/Wks_TWELITE/pencil_prod_counter/../../TWENET/L1200/lib/libTWENETutils_RED.a(uart.o)
                              serial.o (symbol from plugin) (UART_vInit)
c:/MWSDK/Wks_TWELITE/pencil_prod_counter/../../TWENET/L1200/lib/libTWENETutils_RED.a(ByteQueue.o)
                              ToCoNet_main.o (symbol from plugin) (QUEUE__vInit)
c:/MWSDK/Wks_TWELITE/pencil_prod_counter/../../TWENET/L1200/lib/libTWENETutils_RED.a(ccitt8.o)
                              AppStart.o (symbol from plugin) (u8CCITT8)
c:/MWSDK/Wks_TWELITE/pencil_prod_counter/../../TWENET/L1200/lib/libTWENETutils_RED.a(fprintf.o)
                              objs_RED/Main.o (symbol from plugin) (vfPrintf)
c:/MWSDK/Wks_TWELITE/pencil_prod_counter/../../TWENET/L1200/lib/libTWENETutils_RED.a(utils.o)
                              ToCoNet_main.o (symbol from plugin) (vTimerConfig)
c:/MWSDK/Wks_TWELITE/pencil_prod_counter/../../TWENET/L1200/lib/libTWENETutils_RED.a(ccm.o)
                              AES_CCM.o (symbol from plugin) (ccm_init_and_key)
c:/MWSDK/Wks_TWELITE/pencil_prod_counter/../../TWENET/L1200/lib/libTWENETutils_RED.a(Version.o)
                              ToCoNet_utils.o (symbol from plugin) (au8ToCoNetUtilsVersionInfo)
c:/MWSDK/Wks_TWELITE/pencil_prod_counter/../../TWENET/L1200/lib/libTWENETutils_RED.a(aescrypt.o)
                              ccm.o (symbol from plugin) (aes_encrypt)
c:/MWSDK/Wks_TWELITE/pencil_prod_counter/../../TWENET/L1200/lib/libTWENETutils_RED.a(aeskey.o)
                              ccm.o (symbol from plugin) (aes_encrypt_key)
c:/MWSDK/Wks_TWELITE/pencil_prod_counter/../../TWENET/L1200/lib/libTWENETutils_RED.a(aestab.o)
                              aeskey.o (symbol from plugin) (t_im)
c:/MWSDK/ChipLib/SW4063V1416/Components/Library\libAppApi_JN5169.a(AppApi.o)
                              (pvAppApiDefGetMacHandle)
c:/MWSDK/ChipLib/SW4063V1416/Components/Library\libAppApi_JN5169.a(AppApiSleep.o)
                              (vAppApiDefSaveMacSettings)
c:/MWSDK/ChipLib/SW4063V1416/Components/Library\libMAC_JN5169.a(mac_main.o)
                              AppApi.o (symbol from plugin) (MAC_pvCtor)
c:/MWSDK/ChipLib/SW4063V1416/Components/Library\libMAC_JN5169.a(mac_mcps.o)
                              AppApi.o (symbol from plugin) (MAC_vHandleMcpsReqRsp)
c:/MWSDK/ChipLib/SW4063V1416/Components/Library\libMAC_JN5169.a(mac_mlme.o)
                              AppApi.o (symbol from plugin) (MAC_vHandleMlmeReqRsp)
c:/MWSDK/ChipLib/SW4063V1416/Components/Library\libMAC_JN5169.a(mac_pib.o)
                              AppStart.o (symbol from plugin) (MAC_psPibGetHandle)
c:/MWSDK/ChipLib/SW4063V1416/Components/Library\libMAC_JN5169.a(mac_pib_mlme.o)
                              mac_main.o (symbol from plugin) (mac_vPibSetDefaults)
c:/MWSDK/ChipLib/SW4063V1416/Components/Library\libMAC_JN5169.a(mac_pmic.o)
                              mac_main.o (symbol from plugin) (vPMICreset)
c:/MWSDK/ChipLib/SW4063V1416/Components/Library\libMAC_JN5169.a(mac_ind.o)
                              AppApi.o (symbol from plugin) (MAC_vRegisterMlmeDcfmIndCallbacks)
c:/MWSDK/ChipLib/SW4063V1416/Components/Library\libMAC_JN5169.a(mac_scan.o)
                              mac_main.o (symbol from plugin) (mac_eScanInit)
c:/MWSDK/ChipLib/SW4063V1416/Components/Library\libMAC_JN5169.a(mac_lp.o)
                              mac_pmic.o (symbol from plugin) (g_sLP)
c:/MWSDK/ChipLib/SW4063V1416/Components/Library\libMAC_JN5169.a(MCPS.o)
                              mac_mcps.o (symbol from plugin) (vTAM_MCPSdataRequest)
c:/MWSDK/ChipLib/SW4063V1416/Components/Library\libMAC_JN5169.a(phy_pib.o)
                              AppApi.o (symbol from plugin) (phy_ePibGet)
c:/MWSDK/ChipLib/SW4063V1416/Components/Library\libMAC_JN5169.a(TAM.o)
                              MCPS.o (symbol from plugin) (bTAMinPAN)
c:/MWSDK/ChipLib/SW4063V1416/Components/Library\libMAC_JN5169.a(TAMCO.o)
                              TAM.o (symbol from plugin) (vTAMCOsetCoordinator)
c:/MWSDK/ChipLib/SW4063V1416/Components/Library\libMAC_JN5169.a(TAMDE.o)
                              TAM.o (symbol from plugin) (vTAMDEdetermineNullState)
c:/MWSDK/ChipLib/SW4063V1416/Components/Library\libMAC_JN5169.a(TAM_MEM.o)
                              TAM.o (symbol from plugin) (vMEMreset)
c:/MWSDK/ChipLib/SW4063V1416/Components/Library\libMAC_JN5169.a(TAM_MLME.o)
                              mac_scan.o (symbol from plugin) (vMLMEbeaconNotify)
c:/MWSDK/ChipLib/SW4063V1416/Components/Library\libMAC_JN5169.a(TAM_TAH.o)
                              TAMCO.o (symbol from plugin) (vTAHsetCutOff)
c:/MWSDK/ChipLib/SW4063V1416/Components/Library\libMAC_JN5169.a(TAM_TAI.o)
                              TAM.o (symbol from plugin) (vTAIsetCapTime)
c:/MWSDK/ChipLib/SW4063V1416/Components/Library\libMAC_JN5169.a(TAM_TAT.o)
                              TAMDE.o (symbol from plugin) (vTATstartReceiveAt)
c:/MWSDK/ChipLib/SW4063V1416/Components/Library\libMAC_JN5169.a(TAMcommon.o)
                              mac_scan.o (symbol from plugin) (bTACassessBeaconForPayload)
c:/MWSDK/ChipLib/SW4063V1416/Components/Library\libMAC_JN5169.a(TAMevent.o)
                              mac_lp.o (symbol from plugin) (vTAMinsertEvent)
c:/MWSDK/ChipLib/SW4063V1416/Components/Library\libMAC_JN5169.a(TAMqueue.o)
                              TAMcommon.o (symbol from plugin) (vTAQaddToFifo)
c:/MWSDK/ChipLib/SW4063V1416/Components/Library\libMAC_JN5169.a(TAMrxEnable.o)
                              TAMevent.o (symbol from plugin) (vTAMRXEint2Fired)
c:/MWSDK/ChipLib/SW4063V1416/Components/Library\libMAC_JN5169.a(TAMsecurity.o)
                              TAMcommon.o (symbol from plugin) (vTSCgetIncomingInfo)
c:/MWSDK/ChipLib/SW4063V1416/Components/Library\libMAC_JN5169.a(TAMsideways.o)
                              mac_pmic.o (symbol from plugin) (eTAStransmitRequest)
c:/MWSDK/ChipLib/SW4063V1416/Components/Library\libMAC_JN5169.a(TAMtime.o)
                              TAM.o (symbol from plugin) (vTTIBLETimerExpired)
c:/MWSDK/ChipLib/SW4063V1416/Components/Library\libMAC_JN5169.a(TAM_AES.o)
                              TAMsecurity.o (symbol from plugin) (u8TAM_AES_WriteAuxilliarySecurityHeaderIntoBuffer)
c:/MWSDK/ChipLib/SW4063V1416/Components/Library\libMAC_JN5169.a(Endian.o)
                              TAM_AES.o (symbol from plugin) (vFromU16ToLe)
c:/MWSDK/ChipLib/SW4063V1416/Components/Library\libMAC_JN5169.a(mac_acl.o)
                              TAMsecurity.o (symbol from plugin) (MAC_u8AclFindInfo)
c:/MWSDK/ChipLib/SW4063V1416/Components/Library\libMAC_JN5169.a(mac_misc.o)
                              mac_mlme.o (symbol from plugin) (vMAC_MISCpollRequest)
c:/MWSDK/ChipLib/SW4063V1416/Components/Library\libTimerServer_JN516x.a(tsv_main.o)
                              AppApiSleep.o (symbol from plugin) (s_sTimerList)
c:/MWSDK/ChipLib/SW4063V1416/Components/Library\libXcv_JN5169.a(xcv_main.o)
                              AppApi.o (symbol from plugin) (XCV_vCtor)
c:/MWSDK/ChipLib/SW4063V1416/Components/Library\libXcv_JN5169.a(xcv_access.o)
                              mac_main.o (symbol from plugin) (XCV_vDevWriteIER)
c:/MWSDK/ChipLib/SW4063V1416/Components/Library\libXcv_JN5169.a(xcv_isr.o)
                              AppApi.o (symbol from plugin) (vXCV_IntHandlerPhy)
c:/MWSDK/ChipLib/SW4063V1416/Components/Library\libMMAC_JN5169.a(MMAC.o)
                              phy_pib.o (symbol from plugin) (vMMAC_SetChannelAndPower)
c:/MWSDK/ChipLib/SW4063V1416/Components/Library\libMMAC_JN5169.a(MMAC_RadioInit_JN5169.o)
                              xcv_main.o (symbol from plugin) (vMMAC_ConfigureRadio)
c:/MWSDK/ChipLib/SW4063V1416/Components/Library\libJPT_JN5169.a(JPT_RadioTxPowerTests.o)
                              AppApi.o (symbol from plugin) (vJPT_CustomBmodTable)
c:/MWSDK/ChipLib/SW4063V1416/Components/Library\libJPT_JN5169.a(JPT_RadioSettings_JN5169.o)
                              MMAC_RadioInit_JN5169.o (symbol from plugin) (bJPT_InitRadio_JN5169)
c:/MWSDK/ChipLib/SW4063V1416/Components/Library\libAes_JN516x.a(AEScoprocessorCCM.o)
                              AES_CCM.o (symbol from plugin) (bACI_CCMstar)
c:/MWSDK/ChipLib/SW4063V1416/Components/Library\libAes_JN516x.a(AES_CCM_Star.o)
                              TAM_AES.o (symbol from plugin) (vACI_OptimisedCcmStar)
c:/MWSDK/ChipLib/SW4063V1416/Components/Library\libAes_JN516x.a(AEScoprocessorAPI.o)
                              AES_CCM_Star.o (symbol from plugin) (vACI_CmdWaitBusy)
c:/MWSDK/ChipLib/SW4063V1416/Components/Library\libHardwareApi_JN5169.a(AHI_Analogue.o)
                              utils.o (symbol from plugin) (bAHI_APRegulatorEnabled)
c:/MWSDK/ChipLib/SW4063V1416/Components/Library\libHardwareApi_JN5169.a(AHI_Dio.o)
                              ToCoNet_main.o (symbol from plugin) (vAHI_DioSetPullup)
c:/MWSDK/ChipLib/SW4063V1416/Components/Library\libHardwareApi_JN5169.a(AHI_Reset.o)
                              ToCoNet_main.o (symbol from plugin) (vAHI_SwReset)
c:/MWSDK/ChipLib/SW4063V1416/Components/Library\libHardwareApi_JN5169.a(AHI_Spi.o)
                              AppQueueApi_ToCoNet.o (symbol from plugin) (vAHI_SpiRegisterCallback)
c:/MWSDK/ChipLib/SW4063V1416/Components/Library\libHardwareApi_JN5169.a(AHI_System.o)
                              AppApiSleep.o (symbol from plugin) (u8AHI_PowerStatus)
c:/MWSDK/ChipLib/SW4063V1416/Components/Library\libHardwareApi_JN5169.a(AHI_Timer.o)
                              utils.o (symbol from plugin) (vAHI_TimerEnable)
c:/MWSDK/ChipLib/SW4063V1416/Components/Library\libHardwareApi_JN5169.a(AHI_TimerInt.o)
                              AppQueueApi_ToCoNet.o (symbol from plugin) (vAHI_Timer0RegisterCallback)
c:/MWSDK/ChipLib/SW4063V1416/Components/Library\libHardwareApi_JN5169.a(AHI_Uart.o)
                              uart.o (symbol from plugin) (vAHI_UartSetBaudDivisor)
c:/MWSDK/ChipLib/SW4063V1416/Components/Library\libHardwareApi_JN5169.a(AHI_WakeTimer.o)
                              ToCoNet_utils.o (symbol from plugin) (vAHI_WakeTimerEnable)
c:/MWSDK/ChipLib/SW4063V1416/Components/Library\libHardwareApi_JN5169.a(AHI_Flash.o)
                              AHI_System.o (symbol from plugin) (vAHI_FlashAndEEPROMControllerIntHandler)
c:/MWSDK/ChipLib/SW4063V1416/Components/Library\libHardwareApi_JN5169.a(AHI_Infrared.o)
                              AHI_TimerInt.o (symbol from plugin) (vAHI_IntHandlerInfrared)
c:/MWSDK/ChipLib/SW4063V1416/Components/Library\libHardwareApi_JN5169.a(InternalFlashApi.o)
                              AHI_Flash.o (symbol from plugin) (bFlashErase)
c:/MWSDK/ChipLib/SW4063V1416/Components/Library\libHardwareApi_JN5169.a(AHI_FlashIndexSector.o)
                              AppStart.o (symbol from plugin) (bAHI_ReadMACID)
c:/MWSDK/ChipLib/SW4063V1416/Components/Library\libHardwareApi_JN5169.a(AHI_Si.o)
                              AppQueueApi_ToCoNet.o (symbol from plugin) (vAHI_SiRegisterCallback)
c:/MWSDK/ChipLib/SW4063V1416/Components/Library\libHardwareApi_JN5169.a(AHI_TickTimer.o)
                              AppQueueApi_ToCoNet.o (symbol from plugin) (vAHI_TickTimerInit)
c:/MWSDK/ChipLib/SW4063V1416/Components/Library\libHardwareApi_JN5169.a(AHI_Interrupt.o)
                              AppApi.o (symbol from plugin) (vAHI_InterruptSetPriority)
c:/MWSDK/ChipLib/SW4063V1416/Components/Library\libHardwareApi_JN5169.a(AHI_Init.o)
                              AppStart.o (symbol from plugin) (u32AHI_Init)
c:/MWSDK/ChipLib/SW4063V1416/Components/Library\libHardwareApi_JN5169.a(AHI_SpiSlave.o)
                              AHI_Init.o (symbol from plugin) (vAHI_IntHandlerSpiSlave)
c:/MWSDK/ChipLib/SW4063V1416/Components/Library\libMicroSpecific_JN516x.a(MicroInt_ba.o)
                              serial.o (symbol from plugin) (vMicroIntEnableOnly)
c:/MWSDK/ChipLib/SW4063V1416/Components/Library\libMicroSpecific_JN516x.a(MicroSyscall_ba.o)
                              AHI_Reset.o (symbol from plugin) (vMicroSyscall)
c:/MWSDK/ChipLib/SW4063V1416/Components/Library\libBoot_JN516x.a(Heap.o)
                              (u32HeapStart)
c:/MWSDK/ChipLib/SW4063V1416/Components/Library\libBoot_JN516x.a(ExceptionHandler.o)
                              (_exception_external_interrupt)
c:/MWSDK/ChipLib/SW4063V1416/Components/Library\libAppApi_JN5169.a(AppHousekeeping.o)
                              mac_scan.o (symbol from plugin) (sAppHousekeeping)
c:/MWSDK/ChipLib/SW4063V1416/Components/Library\libAes_JN516x.a(AEScoprocessorAPIinterrupts.o)
                              AHI_Init.o (symbol from plugin) (vACI_IntHandlerAes)
c:/mwsdk/tools/ba-elf-ba2-r36379/bin/../lib/gcc/ba-elf/4.7.4/../../../../ba-elf/lib/mcpu_jn51xx_sizeopt\libc.a(lib_a-memcmp.o)
                              C:\Users\Maeoka\AppData\Local\Temp\cc8zctSP.ltrans0.ltrans.o (memcmp)
c:/mwsdk/tools/ba-elf-ba2-r36379/bin/../lib/gcc/ba-elf/4.7.4/../../../../ba-elf/lib/mcpu_jn51xx_sizeopt\libc.a(lib_a-memcpy.o)
                              C:\Users\Maeoka\AppData\Local\Temp\cc8zctSP.ltrans0.ltrans.o (memcpy)
c:/mwsdk/tools/ba-elf-ba2-r36379/bin/../lib/gcc/ba-elf/4.7.4/../../../../ba-elf/lib/mcpu_jn51xx_sizeopt\libc.a(lib_a-memset.o)
                              C:\Users\Maeoka\AppData\Local\Temp\cc8zctSP.ltrans0.ltrans.o (memset)
c:/mwsdk/tools/ba-elf-ba2-r36379/bin/../lib/gcc/ba-elf/4.7.4/mcpu_jn51xx_sizeopt\libgcc.a(__udivsi3.o)
                              C:\Users\Maeoka\AppData\Local\Temp\cc8zctSP.ltrans2.ltrans.o (__udivsi3)
c:/mwsdk/tools/ba-elf-ba2-r36379/bin/../lib/gcc/ba-elf/4.7.4/mcpu_jn51xx_sizeopt\libgcc.a(__divsi3.o)
                              C:\Users\Maeoka\AppData\Local\Temp\cc8zctSP.ltrans6.ltrans.o (__divsi3)
c:/mwsdk/tools/ba-elf-ba2-r36379/bin/../lib/gcc/ba-elf/4.7.4/mcpu_jn51xx_sizeopt\libgcc.a(__umodsi3.o)
                              C:\Users\Maeoka\AppData\Local\Temp\cc8zctSP.ltrans2.ltrans.o (__umodsi3)

Allocating common symbols
Common symbol       size              file

au8Rxdatabuff_idx_sRxQueueCmd
                    0x4               ToCoNet_main.o (symbol from plugin)
apvHwIndBufferData  0x2c              AppQueueApi_ToCoNet.o (symbol from plugin)
prMAC_TofMlmeReqHandler
                    0x4               mac_mlme.o (symbol from plugin)
apvMlmeIndBufferData
                    0x14              AppQueueApi_ToCoNet.o (symbol from plugin)
_TWENET_TX_POWER_VALUE
                    0x1               AppStart.o (symbol from plugin)
u8TxBuffSiz_sTxQueue
                    0x1               ToCoNet_main.o (symbol from plugin)
au8Txdatabuff_idx_sTxQueue
                    0x4               ToCoNet_main.o (symbol from plugin)
g_tSpiConfiguration
                    0x4               AHI_Flash.o (symbol from plugin)
sTxQueue            0x1c              ToCoNet_main.o (symbol from plugin)
u8TAM_TxStatusOverride
                    0x1               TAMevent.o (symbol from plugin)
u8RxBuffSiz_sRxQueue
                    0x1               ToCoNet_main.o (symbol from plugin)
prMAC_TofRxHandler  0x4               TAMcommon.o (symbol from plugin)
sRxdatabuff_sRxQueueCmd
                    0x4               ToCoNet_main.o (symbol from plugin)
_MAC_u8TxFailReason
                    0x1               mac.o (symbol from plugin)
sTxdatabuff_sTxQueue
                    0x4               ToCoNet_main.o (symbol from plugin)
apvMcpsIndBufferData
                    0x14              AppQueueApi_ToCoNet.o (symbol from plugin)
bAHI_ExtendedTemperatureOperation
                    0x1               AHI_System.o (symbol from plugin)
sRxdatabuff_sRxQueue
                    0x4               ToCoNet_main.o (symbol from plugin)
bMAC_DiscardUnsuccessfulAssocResponses
                    0x1               mac_pmic.o (symbol from plugin)
u8Msq               0x1               TAM_TAT.o (symbol from plugin)
u8RxBuffSiz_sRxQueueCmd
                    0x1               ToCoNet_main.o (symbol from plugin)
g_bLegacyHwBugEmulation
                    0x1               AES_CCM_Star.o (symbol from plugin)
au8Rxdatabuff_idx_sRxQueue
                    0x4               ToCoNet_main.o (symbol from plugin)

Discarded input sections

 .text          0x0000000000000000        0x0 objs_RED/Main.o (symbol from plugin)
 .data          0x0000000000000000        0x0 C:\Users\Maeoka\AppData\Local\Temp\cc8zctSP.ltrans0.ltrans.o
 .data          0x0000000000000000        0x0 C:\Users\Maeoka\AppData\Local\Temp\cc8zctSP.ltrans1.ltrans.o
 .data          0x0000000000000000        0x0 C:\Users\Maeoka\AppData\Local\Temp\cc8zctSP.ltrans3.ltrans.o
 .data          0x0000000000000000        0x0 C:\Users\Maeoka\AppData\Local\Temp\cc8zctSP.ltrans4.ltrans.o
 .bss           0x0000000000000000        0x0 C:\Users\Maeoka\AppData\Local\Temp\cc8zctSP.ltrans4.ltrans.o
 .data          0x0000000000000000        0x0 C:\Users\Maeoka\AppData\Local\Temp\cc8zctSP.ltrans5.ltrans.o
 .data          0x0000000000000000        0x0 C:\Users\Maeoka\AppData\Local\Temp\cc8zctSP.ltrans6.ltrans.o
 .data          0x0000000000000000        0x0 C:\Users\Maeoka\AppData\Local\Temp\cc8zctSP.ltrans8.ltrans.o
 .data          0x0000000000000000        0x0 C:\Users\Maeoka\AppData\Local\Temp\cc8zctSP.ltrans10.ltrans.o
 .data          0x0000000000000000        0x0 C:\Users\Maeoka\AppData\Local\Temp\cc8zctSP.ltrans11.ltrans.o
 .data          0x0000000000000000        0x0 C:\Users\Maeoka\AppData\Local\Temp\cc8zctSP.ltrans12.ltrans.o
 .data          0x0000000000000000        0x0 C:\Users\Maeoka\AppData\Local\Temp\cc8zctSP.ltrans13.ltrans.o
 .data          0x0000000000000000        0x0 C:\Users\Maeoka\AppData\Local\Temp\cc8zctSP.ltrans14.ltrans.o
 .data          0x0000000000000000        0x0 c:/mwsdk/tools/ba-elf-ba2-r36379/bin/../lib/gcc/ba-elf/4.7.4/../../../../ba-elf/lib/mcpu_jn51xx_sizeopt\libc.a(lib_a-memcmp.o)
 .bss           0x0000000000000000        0x0 c:/mwsdk/tools/ba-elf-ba2-r36379/bin/../lib/gcc/ba-elf/4.7.4/../../../../ba-elf/lib/mcpu_jn51xx_sizeopt\libc.a(lib_a-memcmp.o)
 .data          0x0000000000000000        0x0 c:/mwsdk/tools/ba-elf-ba2-r36379/bin/../lib/gcc/ba-elf/4.7.4/../../../../ba-elf/lib/mcpu_jn51xx_sizeopt\libc.a(lib_a-memcpy.o)
 .bss           0x0000000000000000        0x0 c:/mwsdk/tools/ba-elf-ba2-r36379/bin/../lib/gcc/ba-elf/4.7.4/../../../../ba-elf/lib/mcpu_jn51xx_sizeopt\libc.a(lib_a-memcpy.o)
 .data          0x0000000000000000        0x0 c:/mwsdk/tools/ba-elf-ba2-r36379/bin/../lib/gcc/ba-elf/4.7.4/../../../../ba-elf/lib/mcpu_jn51xx_sizeopt\libc.a(lib_a-memset.o)
 .bss           0x0000000000000000        0x0 c:/mwsdk/tools/ba-elf-ba2-r36379/bin/../lib/gcc/ba-elf/4.7.4/../../../../ba-elf/lib/mcpu_jn51xx_sizeopt\libc.a(lib_a-memset.o)
 .data          0x0000000000000000        0x0 c:/mwsdk/tools/ba-elf-ba2-r36379/bin/../lib/gcc/ba-elf/4.7.4/mcpu_jn51xx_sizeopt\libgcc.a(__udivsi3.o)
 .bss           0x0000000000000000        0x0 c:/mwsdk/tools/ba-elf-ba2-r36379/bin/../lib/gcc/ba-elf/4.7.4/mcpu_jn51xx_sizeopt\libgcc.a(__udivsi3.o)
 .data          0x0000000000000000        0x0 c:/mwsdk/tools/ba-elf-ba2-r36379/bin/../lib/gcc/ba-elf/4.7.4/mcpu_jn51xx_sizeopt\libgcc.a(__divsi3.o)
 .bss           0x0000000000000000        0x0 c:/mwsdk/tools/ba-elf-ba2-r36379/bin/../lib/gcc/ba-elf/4.7.4/mcpu_jn51xx_sizeopt\libgcc.a(__divsi3.o)
 .data          0x0000000000000000        0x0 c:/mwsdk/tools/ba-elf-ba2-r36379/bin/../lib/gcc/ba-elf/4.7.4/mcpu_jn51xx_sizeopt\libgcc.a(__umodsi3.o)
 .bss           0x0000000000000000        0x0 c:/mwsdk/tools/ba-elf-ba2-r36379/bin/../lib/gcc/ba-elf/4.7.4/mcpu_jn51xx_sizeopt\libgcc.a(__umodsi3.o)
 .text          0x0000000000000000        0x0 ToCoNet_main.o (symbol from plugin)
 .text          0x0000000000000000        0x0 ToCoNet_utils.o (symbol from plugin)
 .text          0x0000000000000000        0x0 ToCoNet_mod_Nwk_Common.o (symbol from plugin)
 .text          0x0000000000000000        0x0 ToCoNet_mod_Channel_Mgr.o (symbol from plugin)
 .text          0x0000000000000000        0x0 Version.o (symbol from plugin)
 .text          0x0000000000000000        0x0 AppQueueApi_ToCoNet.o (symbol from plugin)
 .text          0x0000000000000000        0x0 ToCoNet_event.o (symbol from plugin)
 .text          0x0000000000000000        0x0 AppStart.o (symbol from plugin)
 .text          0x0000000000000000        0x0 getMacAddr.o (symbol from plugin)
 .text          0x0000000000000000        0x0 mac.o (symbol from plugin)
 .text          0x0000000000000000        0x0 AES_CCM.o (symbol from plugin)
 .text          0x0000000000000000        0x0 no_ack_handler.o (symbol from plugin)
 .text          0x0000000000000000        0x0 Version.o (symbol from plugin)
 .text          0x0000000000000000        0x0 serial.o (symbol from plugin)
 .text          0x0000000000000000        0x0 uart.o (symbol from plugin)
 .text          0x0000000000000000        0x0 ByteQueue.o (symbol from plugin)
 .text          0x0000000000000000        0x0 ccitt8.o (symbol from plugin)
 .text          0x0000000000000000        0x0 fprintf.o (symbol from plugin)
 .text          0x0000000000000000        0x0 utils.o (symbol from plugin)
 .text          0x0000000000000000        0x0 ccm.o (symbol from plugin)
 .text          0x0000000000000000        0x0 Version.o (symbol from plugin)
 .text          0x0000000000000000        0x0 aescrypt.o (symbol from plugin)
 .text          0x0000000000000000        0x0 aeskey.o (symbol from plugin)
 .text          0x0000000000000000        0x0 aestab.o (symbol from plugin)
 .text          0x0000000000000000        0x0 AppApi.o (symbol from plugin)
 .text          0x0000000000000000        0x0 AppApiSleep.o (symbol from plugin)
 .text          0x0000000000000000        0x0 mac_main.o (symbol from plugin)
 .text          0x0000000000000000        0x0 mac_mcps.o (symbol from plugin)
 .text          0x0000000000000000        0x0 mac_mlme.o (symbol from plugin)
 .text          0x0000000000000000        0x0 mac_pib.o (symbol from plugin)
 .text          0x0000000000000000        0x0 mac_pib_mlme.o (symbol from plugin)
 .text          0x0000000000000000        0x0 mac_pmic.o (symbol from plugin)
 .text          0x0000000000000000        0x0 mac_ind.o (symbol from plugin)
 .text          0x0000000000000000        0x0 mac_scan.o (symbol from plugin)
 .text          0x0000000000000000        0x0 mac_lp.o (symbol from plugin)
 .text          0x0000000000000000        0x0 MCPS.o (symbol from plugin)
 .text          0x0000000000000000        0x0 phy_pib.o (symbol from plugin)
 .text          0x0000000000000000        0x0 TAM.o (symbol from plugin)
 .text          0x0000000000000000        0x0 TAMCO.o (symbol from plugin)
 .text          0x0000000000000000        0x0 TAMDE.o (symbol from plugin)
 .text          0x0000000000000000        0x0 TAM_MEM.o (symbol from plugin)
 .text          0x0000000000000000        0x0 TAM_MLME.o (symbol from plugin)
 .text          0x0000000000000000        0x0 TAM_TAH.o (symbol from plugin)
 .text          0x0000000000000000        0x0 TAM_TAI.o (symbol from plugin)
 .text          0x0000000000000000        0x0 TAM_TAT.o (symbol from plugin)
 .text          0x0000000000000000        0x0 TAMcommon.o (symbol from plugin)
 .text          0x0000000000000000        0x0 TAMevent.o (symbol from plugin)
 .text          0x0000000000000000        0x0 TAMqueue.o (symbol from plugin)
 .text          0x0000000000000000        0x0 TAMrxEnable.o (symbol from plugin)
 .text          0x0000000000000000        0x0 TAMsecurity.o (symbol from plugin)
 .text          0x0000000000000000        0x0 TAMsideways.o (symbol from plugin)
 .text          0x0000000000000000        0x0 TAMtime.o (symbol from plugin)
 .text          0x0000000000000000        0x0 TAM_AES.o (symbol from plugin)
 .text          0x0000000000000000        0x0 Endian.o (symbol from plugin)
 .text          0x0000000000000000        0x0 mac_acl.o (symbol from plugin)
 .text          0x0000000000000000        0x0 mac_misc.o (symbol from plugin)
 .text          0x0000000000000000        0x0 tsv_main.o (symbol from plugin)
 .text          0x0000000000000000        0x0 xcv_main.o (symbol from plugin)
 .text          0x0000000000000000        0x0 xcv_access.o (symbol from plugin)
 .text          0x0000000000000000        0x0 xcv_isr.o (symbol from plugin)
 .text          0x0000000000000000        0x0 MMAC.o (symbol from plugin)
 .text          0x0000000000000000        0x0 MMAC_RadioInit_JN5169.o (symbol from plugin)
 .text          0x0000000000000000        0x0 JPT_RadioTxPowerTests.o (symbol from plugin)
 .text          0x0000000000000000        0x0 JPT_RadioSettings_JN5169.o (symbol from plugin)
 .text          0x0000000000000000        0x0 AEScoprocessorCCM.o (symbol from plugin)
 .text          0x0000000000000000        0x0 AES_CCM_Star.o (symbol from plugin)
 .text          0x0000000000000000        0x0 AEScoprocessorAPI.o (symbol from plugin)
 .text          0x0000000000000000        0x0 AHI_Analogue.o (symbol from plugin)
 .text          0x0000000000000000        0x0 AHI_Dio.o (symbol from plugin)
 .text          0x0000000000000000        0x0 AHI_Reset.o (symbol from plugin)
 .text          0x0000000000000000        0x0 AHI_Spi.o (symbol from plugin)
 .text          0x0000000000000000        0x0 AHI_System.o (symbol from plugin)
 .text          0x0000000000000000        0x0 AHI_Timer.o (symbol from plugin)
 .text          0x0000000000000000        0x0 AHI_TimerInt.o (symbol from plugin)
 .text          0x0000000000000000        0x0 AHI_Uart.o (symbol from plugin)
 .text          0x0000000000000000        0x0 AHI_WakeTimer.o (symbol from plugin)
 .text          0x0000000000000000        0x0 AHI_Flash.o (symbol from plugin)
 .text          0x0000000000000000        0x0 AHI_Infrared.o (symbol from plugin)
 .text          0x0000000000000000        0x0 InternalFlashApi.o (symbol from plugin)
 .text          0x0000000000000000        0x0 AHI_FlashIndexSector.o (symbol from plugin)
 .text          0x0000000000000000        0x0 AHI_Si.o (symbol from plugin)
 .text          0x0000000000000000        0x0 AHI_TickTimer.o (symbol from plugin)
 .data          0x0000000000000000        0x0 c:/MWSDK/ChipLib/SW4063V1416/Components/Library\libHardwareApi_JN5169.a(AHI_Interrupt.o)
 .bss           0x0000000000000000        0x0 c:/MWSDK/ChipLib/SW4063V1416/Components/Library\libHardwareApi_JN5169.a(AHI_Interrupt.o)
 .text          0x0000000000000000        0x0 AHI_Init.o (symbol from plugin)
 .text          0x0000000000000000        0x0 AHI_SpiSlave.o (symbol from plugin)
 .text          0x0000000000000000        0x0 MicroInt_ba.o (symbol from plugin)
 .text          0x0000000000000000        0x0 c:/MWSDK/ChipLib/SW4063V1416/Components/Library\libMicroSpecific_JN516x.a(MicroSyscall_ba.o)
 .data          0x0000000000000000        0x0 c:/MWSDK/ChipLib/SW4063V1416/Components/Library\libMicroSpecific_JN516x.a(MicroSyscall_ba.o)
 .bss           0x0000000000000000        0x0 c:/MWSDK/ChipLib/SW4063V1416/Components/Library\libMicroSpecific_JN516x.a(MicroSyscall_ba.o)
 .text.vMicroSyscall
                0x0000000000000000       0x17 c:/MWSDK/ChipLib/SW4063V1416/Components/Library\libMicroSpecific_JN516x.a(MicroSyscall_ba.o)
 .comment       0x0000000000000000       0x12 c:/MWSDK/ChipLib/SW4063V1416/Components/Library\libMicroSpecific_JN516x.a(MicroSyscall_ba.o)
 .text          0x0000000000000000        0x0 Heap.o (symbol from plugin)
 .text          0x0000000000000000        0x0 c:/MWSDK/ChipLib/SW4063V1416/Components/Library\libBoot_JN516x.a(ExceptionHandler.o)
 .data          0x0000000000000000        0x0 c:/MWSDK/ChipLib/SW4063V1416/Components/Library\libBoot_JN516x.a(ExceptionHandler.o)
 .bss           0x0000000000000000        0x0 c:/MWSDK/ChipLib/SW4063V1416/Components/Library\libBoot_JN516x.a(ExceptionHandler.o)
 .text          0x0000000000000000        0x0 AppHousekeeping.o (symbol from plugin)
 .text          0x0000000000000000        0x0 AEScoprocessorAPIinterrupts.o (symbol from plugin)

Memory Configuration

Name             Origin             Length             Attributes
flash            0x0000000000080000 0x0000000000080000
ram              0x000000000400004c 0x0000000000007fb4
*default*        0x0000000000000000 0xffffffffffffffff

Linker script and memory map

LOAD objs_RED/Main.o
LOAD C:\Users\Maeoka\AppData\Local\Temp\cc8zctSP.ltrans0.ltrans.o
LOAD C:\Users\Maeoka\AppData\Local\Temp\cc8zctSP.ltrans1.ltrans.o
LOAD C:\Users\Maeoka\AppData\Local\Temp\cc8zctSP.ltrans2.ltrans.o
LOAD C:\Users\Maeoka\AppData\Local\Temp\cc8zctSP.ltrans3.ltrans.o
LOAD C:\Users\Maeoka\AppData\Local\Temp\cc8zctSP.ltrans4.ltrans.o
LOAD C:\Users\Maeoka\AppData\Local\Temp\cc8zctSP.ltrans5.ltrans.o
LOAD C:\Users\Maeoka\AppData\Local\Temp\cc8zctSP.ltrans6.ltrans.o
LOAD C:\Users\Maeoka\AppData\Local\Temp\cc8zctSP.ltrans7.ltrans.o
LOAD C:\Users\Maeoka\AppData\Local\Temp\cc8zctSP.ltrans8.ltrans.o
LOAD C:\Users\Maeoka\AppData\Local\Temp\cc8zctSP.ltrans9.ltrans.o
LOAD C:\Users\Maeoka\AppData\Local\Temp\cc8zctSP.ltrans10.ltrans.o
LOAD C:\Users\Maeoka\AppData\Local\Temp\cc8zctSP.ltrans11.ltrans.o
LOAD C:\Users\Maeoka\AppData\Local\Temp\cc8zctSP.ltrans12.ltrans.o
LOAD C:\Users\Maeoka\AppData\Local\Temp\cc8zctSP.ltrans13.ltrans.o
LOAD C:\Users\Maeoka\AppData\Local\Temp\cc8zctSP.ltrans14.ltrans.o
LOAD c:/mwsdk/tools/ba-elf-ba2-r36379/bin/../lib/gcc/ba-elf/4.7.4/../../../../ba-elf/lib/mcpu_jn51xx_sizeopt\libc.a
LOAD c:/mwsdk/tools/ba-elf-ba2-r36379/bin/../lib/gcc/ba-elf/4.7.4/mcpu_jn51xx_sizeopt\libgcc.a
LOAD c:/mwsdk/tools/ba-elf-ba2-r36379/bin/../lib/gcc/ba-elf/4.7.4/../../../../ba-elf/lib/mcpu_jn51xx_sizeopt\libc.a
LOAD c:/MWSDK/Wks_TWELITE/pencil_prod_counter/../../TWENET/L1200/lib/libTWENET_RED.a
LOAD c:/MWSDK/Wks_TWELITE/pencil_prod_counter/../../TWENET/L1200/lib/libTWENEText_RED.a
LOAD c:/MWSDK/Wks_TWELITE/pencil_prod_counter/../../TWENET/L1200/lib/libTWENETutils_RED.a
START GROUP
LOAD c:/MWSDK/ChipLib/SW4063V1416/Components/Library\libAppApi_JN5169.a
LOAD c:/MWSDK/ChipLib/SW4063V1416/Components/Library\libMAC_JN5169.a
LOAD c:/MWSDK/ChipLib/SW4063V1416/Components/Library\libTimerServer_JN516x.a
LOAD c:/MWSDK/ChipLib/SW4063V1416/Components/Library\libTOF_JN516x.a
LOAD c:/MWSDK/ChipLib/SW4063V1416/Components/Library\libXcv_JN5169.a
LOAD c:/MWSDK/ChipLib/SW4063V1416/Components/Library\libMMAC_JN5169.a
LOAD c:/MWSDK/ChipLib/SW4063V1416/Components/Library\libJPT_JN5169.a
LOAD c:/MWSDK/ChipLib/SW4063V1416/Components/Library\libAes_JN516x.a
LOAD c:/MWSDK/ChipLib/SW4063V1416/Components/Library\libHardwareApi_JN5169.a
LOAD c:/MWSDK/ChipLib/SW4063V1416/Components/Library\libMicroSpecific_JN516x.a
LOAD c:/MWSDK/ChipLib/SW4063V1416/Components/Library\libBoot_JN516x.a
LOAD c:/MWSDK/ChipLib/SW4063V1416/Components/Library\libPDM_EEPROM_JN516x_NO_RTOS.a
LOAD c:/MWSDK/Wks_TWELITE/pencil_prod_counter/../../TWENET/L1200/lib/libTWENET_RED.a
LOAD c:/MWSDK/Wks_TWELITE/pencil_prod_counter/../../TWENET/L1200/lib/libTWENEText_RED.a
LOAD c:/MWSDK/Wks_TWELITE/pencil_prod_counter/../../TWENET/L1200/lib/libTWENETutils_RED.a
END GROUP
LOAD c:/mwsdk/tools/ba-elf-ba2-r36379/bin/../lib/gcc/ba-elf/4.7.4/../../../../ba-elf/lib/mcpu_jn51xx_sizeopt\libc.a
LOAD c:/mwsdk/tools/ba-elf-ba2-r36379/bin/../lib/gcc/ba-elf/4.7.4/mcpu_jn51xx_sizeopt\libgcc.a
LOAD c:/mwsdk/tools/ba-elf-ba2-r36379/bin/../lib/gcc/ba-elf/4.7.4/../../../../ba-elf/lib/mcpu_jn51xx_sizeopt\libc.a
                0x0000000000000800                _stack_size = 0x800
                0x0000000000080038                exception_vsr_table = 0x80038
                0x0000000004000000                pSPIflashFncTable = 0x4000000
                0x0000000000000044                restore_state = 0x44
                0x000000000000004a                bZSPIWaitWIPClear = 0x4a
                0x0000000000000050                u16ZSPIflashRDID = 0x50
                0x0000000000000056                u8SelectFlashChipType = 0x56
                0x000000000000005c                memcpy = 0x5c
                0x0000000000000066                vBootFlashProg = 0x66
                [0x0000000000000d16]                __minimum_heap_size = DEFINED (__minimum_heap_size)?__minimum_heap_size:0xd16
                [0x0000000000000800]                __stack_size = DEFINED (__stack_size)?__stack_size:0x800
                0x0000000000000000                _SwConfig = (DEFINED (g_bSWConf_Debug) | (DEFINED (g_bSWConf_AltDebugPort) << 0x1))

.version        0x000000000007fffc        0x4
                0x000000000007fffc        0x4 LONG 0xf03000b

.bir            0x0000000000080000       0x10
                0x0000000000080000                _flash_start = ABSOLUTE (.)
                0x0000000000080000                _flash_beg = ABSOLUTE (.)
                0x0000000000080000        0x4 LONG 0x12345678
                0x0000000000080004        0x4 LONG 0x11223344
                0x0000000000080008        0x4 LONG 0x55667788
                0x000000000008000c        0x1 BYTE 0x8
                0x000000000008000d        0x1 BYTE 0x1
                0x000000000008000e        0x2 SHORT 0x0

.flashheader    0x0000000000080010       0x28
                0x0000000000080010        0x4 LONG 0x0
                0x0000000000080014        0x4 LONG 0x0
                0x0000000000080018        0x4 LONG 0x0
                0x000000000008001c        0x2 SHORT 0x0
                0x000000000008001e        0x2 SHORT 0x0 ABSOLUTE (_SwConfig)
                0x0000000000080020                _enc_start = ABSOLUTE (.)
                0x0000000000080020        0x4 LONG 0x958c ABSOLUTE (_image_len)
                0x0000000000080024        0x4 LONG 0x89584 ABSOLUTE (_flash_data_start)
                0x0000000000080028        0x2 SHORT 0x13 ((ABSOLUTE (_ram_data_start) / 0x4) & 0xffff)
                0x000000000008002a        0x2 SHORT 0x2 ((ABSOLUTE (_ram_data_len) / 0x4) & 0xffff)
                0x000000000008002c        0x2 SHORT 0x15 ((ABSOLUTE (_bss_start) / 0x4) & 0xffff)
                0x000000000008002e        0x2 SHORT 0x37b ((ABSOLUTE (_bss_len) / 0x4) & 0xffff)
                0x0000000000080030        0x4 LONG 0x85f74 ABSOLUTE (AppWarmStart)
                0x0000000000080034        0x4 LONG 0x8877d ABSOLUTE (AppColdStart)
                0x0000000000000000                _enc_offset = (_enc_start & 0xf)
                0x0000000000000044                PROVIDE (vException_BusError, restore_state)
                0x0000000000000044                PROVIDE (vException_UnalignedAccess, restore_state)
                0x0000000000000044                PROVIDE (vException_IllegalInstruction, restore_state)
                0x0000000000000044                PROVIDE (vException_SysCall, restore_state)
                0x0000000000000044                PROVIDE (vException_Trap, restore_state)
                0x0000000000000044                PROVIDE (vException_StackOverflow, restore_state)
                0x0000000000080038                . = ABSOLUTE (exception_vsr_table)

.vsr_table      0x0000000000080038       0x18
                0x0000000000080038        0x4 LONG 0x44 ABSOLUTE (vException_BusError)
                0x000000000008003c        0x4 LONG 0x44 ABSOLUTE (vException_UnalignedAccess)
                0x0000000000080040        0x4 LONG 0x44 ABSOLUTE (vException_IllegalInstruction)
                0x0000000000080044        0x4 LONG 0x44 ABSOLUTE (vException_SysCall)
                0x0000000000080048        0x4 LONG 0x44 ABSOLUTE (vException_Trap)
                0x000000000008004c        0x4 LONG 0x44 ABSOLUTE (vException_StackOverflow)

.vsr_handlers   0x0000000000080050       0xaa
 *(.vsr_handlers)
 .vsr_handlers  0x0000000000080050       0xaa c:/MWSDK/ChipLib/SW4063V1416/Components/Library\libBoot_JN516x.a(ExceptionHandler.o)
                0x0000000000080050                _exception_external_interrupt
                0x00000000000800f8                _default_vsr_dummy

.rodata         0x00000000000800fc      0x484
 *(.rodata*)
 .rodata        0x00000000000800fc      0x1cb C:\Users\Maeoka\AppData\Local\Temp\cc8zctSP.ltrans0.ltrans.o
 *fill*         0x00000000000802c7        0x1 00
 .rodata        0x00000000000802c8       0xd4 C:\Users\Maeoka\AppData\Local\Temp\cc8zctSP.ltrans1.ltrans.o
                0x00000000000802c8                s_aprScanHandleEvt.9903
                0x00000000000802f8                apvActionCalls
                0x0000000000080380                aprLPBMacVectorRamTable
                0x0000000000080394                psTamMacContext
                0x0000000000080398                psTAMcontext
 .rodata.str1.1
                0x000000000008039c        0x7 C:\Users\Maeoka\AppData\Local\Temp\cc8zctSP.ltrans2.ltrans.o
 .rodata        0x00000000000803a3       0x7b C:\Users\Maeoka\AppData\Local\Temp\cc8zctSP.ltrans2.ltrans.o
 .rodata        0x000000000008041e       0x17 C:\Users\Maeoka\AppData\Local\Temp\cc8zctSP.ltrans3.ltrans.o
 .rodata        0x0000000000080435        0xa C:\Users\Maeoka\AppData\Local\Temp\cc8zctSP.ltrans4.ltrans.o
 .rodata        0x000000000008043f        0x4 C:\Users\Maeoka\AppData\Local\Temp\cc8zctSP.ltrans5.ltrans.o
 *fill*         0x0000000000080443        0x1 00
 .rodata        0x0000000000080444       0x30 C:\Users\Maeoka\AppData\Local\Temp\cc8zctSP.ltrans6.ltrans.o
                0x000000000008044c                CSWTCH.35.20383.20383
                0x0000000000080460                au32TimerBaseAddress
 .rodata        0x0000000000080474       0x1c C:\Users\Maeoka\AppData\Local\Temp\cc8zctSP.ltrans7.ltrans.o
                0x0000000000080474                psTamXcvContext
 .rodata        0x0000000000080490        0x6 C:\Users\Maeoka\AppData\Local\Temp\cc8zctSP.ltrans8.ltrans.o
                0x0000000000080490                aeXcvPhyEvtToScanEvt.5424.9906
 *fill*         0x0000000000080496        0x2 00
 .rodata        0x0000000000080498        0x4 C:\Users\Maeoka\AppData\Local\Temp\cc8zctSP.ltrans9.ltrans.o
 .rodata.str1.1
                0x000000000008049c       0x43 C:\Users\Maeoka\AppData\Local\Temp\cc8zctSP.ltrans10.ltrans.o
 .rodata.str1.1
                0x00000000000804df       0x11 C:\Users\Maeoka\AppData\Local\Temp\cc8zctSP.ltrans13.ltrans.o
 .rodata        0x00000000000804f0       0x7c C:\Users\Maeoka\AppData\Local\Temp\cc8zctSP.ltrans13.ltrans.o
                0x0000000000080524                u32MacLow_TOCOS
                0x0000000000080528                u32MacHigh_TOCOS
 .rodata.str1.1
                0x000000000008056c        0xb C:\Users\Maeoka\AppData\Local\Temp\cc8zctSP.ltrans14.ltrans.o
 *fill*         0x0000000000080577        0x1 00
 .rodata        0x0000000000080578        0x8 C:\Users\Maeoka\AppData\Local\Temp\cc8zctSP.ltrans14.ltrans.o
                0x0000000000080578                au32UartAddrOffset

.text           0x0000000000080580     0x9003
 *(.text*)
 .text          0x0000000000080580     0x106d C:\Users\Maeoka\AppData\Local\Temp\cc8zctSP.ltrans0.ltrans.o
                0x0000000000080580                vTTIBLETimerExpired
                0x000000000008058b                mac_vLPBAdjustBeaconOffset
                0x00000000000805e8                mac_u32LPBGetBeaconTimeout
                0x00000000000805f1                eWEnDTmrExpiry.9544
                0x00000000000805fc                eWEnDEdDone.9541
                0x0000000000080657                eGenlDontCare.9538
                0x000000000008065c                eGenlIllegal.9163
                0x0000000000080663                u32GetTimer0
                0x000000000008066a                vSetTimer0
                0x0000000000080679                vHandlerPatch.3817
                0x00000000000806b0                u8HwEventHandler.1537
                0x00000000000806cf                vACI_CmdWaitBusy
                0x00000000000806dc                vEcbEncodeStripe.19712
                0x0000000000080733                vTAIdisableInterrupt
                0x000000000008074c                psRemove.part.0.19103
                0x000000000008077b                MAC_u8AclFindInfo
                0x00000000000808a5                vTASretrieveSecurity
                0x00000000000808c7                MAC_bLookUpKeyDescriptor.16655
                0x0000000000080941                u8TSCframeIncrease
                0x000000000008097a                vCopyToDataFromMacAddr.16565
                0x00000000000809ad                bTSCgetOutgoingInfo
                0x0000000000080ab6                psTAQsearchFifo
                0x0000000000080aff                bTAQremoveFromFifo
                0x0000000000080b3c                vTAMinsertEvent
                0x0000000000080ba2                vTTITimer2Expired
                0x0000000000080ba6                vTTITimer1Expired
                0x0000000000080baa                vTAM_TxRetryTimeout
                0x0000000000080bae                vTACsetTxFrameDefaults
                0x0000000000080bd4                u8TACgetHeaderSize
                0x0000000000080c11                bUpdateTime.14883
                0x0000000000080c4c                u32TACpayloadToU32M
                0x0000000000080c6d                vTACu32ToPayloadM
                0x0000000000080c85                vTACbuildBeacon
                0x0000000000080e8d                bTACframeInProgress
                0x0000000000080eb7                bTACassessBeaconForPayload
                0x0000000000080f08                bIsBbcSafeForTx
                0x0000000000080f3d                vTATwriteAclMaterialToHardware
                0x0000000000080f62                vTATsetBLE
                0x0000000000080f99                vTATgetFramePayload
                0x0000000000080fb6                eTATreadTXstatus
                0x0000000000080ffc                vTAHsetPhyStateDirect.part.0.14024
                0x0000000000081018                vDoGoOff.15845
                0x0000000000081032                vMEMreturn
                0x00000000000810a3                vTACinformOriginator
                0x00000000000810c5                vTTITransactionTimerExpired
                0x00000000000810ed                pvMEMget
                0x0000000000081119                vTAMDEdetermineNullState
                0x0000000000081133                vTAMCOupdatePendingList
                0x0000000000081205                vTAMCOsetCoordinator
                0x000000000008122b                eScanHandleEvt.part.0.9574
                0x0000000000081254                mac_eDcfmIndPost
                0x0000000000081275                mac_psDcfmIndGetBuf
                0x0000000000081296                vMAC_MISCpollConfirm
                0x00000000000812c6                vMLMErxEnableConfirm
                0x00000000000812f8                vMLMEcommStatus
                0x000000000008135b                vMLMEcommStatusFromFrame
                0x000000000008139f                vTSCpostTransmitUpdate
                0x00000000000813ce                vMLMEsyncLoss
                0x0000000000081401                vPMICpostFailedAssocDcfm
                0x0000000000081439                vPMICassocReqTO_2.7991
                0x0000000000081450                MAC_vPibSetPanId
                0x000000000008146b                vHandleTofRequest.6097
                0x000000000008146e                vAppApiDefSetPrbsSeed
                0x0000000000081492                u8CCITT8
                0x00000000000814b8                Mac_vInit
                0x0000000000081504                bAES_CCM_KeyReg
                0x0000000000081543                bFifoPush.2441
                0x000000000008157c                vAppQApiPostMlme.2427
                0x000000000008159b                vAppQApiPostMcps.2434
                0x00000000000815b6                pvFifoPull.2438
                0x00000000000815dd                psAppQApiGetMlmeBuffer.2424
                0x00000000000815e5                psAppQApiGetMcpsBuffer.2431
 .text.unlikely
                0x00000000000815ed      0x10f C:\Users\Maeoka\AppData\Local\Temp\cc8zctSP.ltrans0.ltrans.o
                0x00000000000815ed                PRSEV_u8Register
                0x000000000008161f                PRSEV_vProcessEv_core.2697
                0x00000000000816bb                PRSEV_vProcessEvPost
                0x00000000000816ed                _PRSEV_vProcessEvSingleH
 .text          0x00000000000816fc      0xba0 C:\Users\Maeoka\AppData\Local\Temp\cc8zctSP.ltrans1.ltrans.o
                0x00000000000816fc                eWBRTTxDone.9560
                0x000000000008171a                vTAMCOframeTXgoingIdle
                0x0000000000081733                vTAMCOframeTXcap
                0x0000000000081757                eWCoRRxDone.9551
                0x0000000000081801                eWBcnRxDone.9563
                0x0000000000081dea                vTAMCOframeRXcap
                0x0000000000081dfc                vTAMCOframeRXgoingIdle
                0x0000000000081e12                vTAMCOframeRXnobeacon
                0x0000000000081e24                vTAMDEframeRX
                0x0000000000081e4c                vTAMDEframeRXtrackingDR
                0x0000000000081e8f                vTAMDEframePreSyncReq
                0x0000000000081ea7                vTAMCOframeTXbeacon
                0x0000000000081f6e                vTAMDEframeRXsyncReq
                0x00000000000821bd                vTAMDEint1FiredTrackingCAPgts
                0x000000000008226e                eWONTTxDone.9557
 .text          0x000000000008229c      0xc38 C:\Users\Maeoka\AppData\Local\Temp\cc8zctSP.ltrans2.ltrans.o
                0x00000000000823d7                vMCPSframeReceived
                0x000000000008249a                vExpireHead.19108
                0x00000000000824ca                ToCoNet_vInit
                0x00000000000827f5                vfPrintf.constprop.46
                0x0000000000082990                vMicroIntEnableOnly.constprop.45
                0x00000000000829bc                vMMAC_SetChannelAndPower
                0x0000000000082b65                vPhySetChannel
                0x0000000000082b84                QUEUE__u8RemoveItem
                0x0000000000082bde                QUEUE__vAddItem.constprop.44
                0x0000000000082c10                vAHI_ProtocolPower.constprop.40
                0x0000000000082c1e                vMMAC_ConfigureRadio
                0x0000000000082dc9                bAHI_SetClockRate
 .text.unlikely
                0x0000000000082ed4       0xbf C:\Users\Maeoka\AppData\Local\Temp\cc8zctSP.ltrans2.ltrans.o
                0x0000000000082ed4                u32AppQApiInitInt_PATCH
                0x0000000000082ee3                vAHI_TimerEnable.part.1.20250.constprop.20
                0x0000000000082f4e                vAHI_MemoryHold.20147
 .text          0x0000000000082f93      0x8a0 C:\Users\Maeoka\AppData\Local\Temp\cc8zctSP.ltrans3.ltrans.o
                0x0000000000082f93                UART_vHandleUartInterrupt.3942
                0x000000000008301e                SERIAL_vTxReady
                0x0000000000083056                vAppQApiPostHwIntT.2420
                0x00000000000830d3                vRxChar.3842
                0x0000000000083159                vXCV_IntHandlerPhy
                0x000000000008320b                vScanHandleTimer.9160
                0x0000000000083210                bAES_CCM_DecodeKey
                0x00000000000832cc                vXCV_IntHandlerBbc
                0x000000000008336f                u8TAM_AES_WriteAuxilliarySecurityHeaderIntoBuffer
                0x00000000000833e1                u32AHI_ReadIndexSectorBits.constprop.9
                0x0000000000083442                vTAIsetCapTime
                0x0000000000083463                vTAIsetRxEnableTime
                0x0000000000083484                vDoGoActive.15847
                0x00000000000834a6                vTAMRXEint2Fired
                0x00000000000834dc                vTAMRXEsetPhy
                0x000000000008359f                vTAHsetPhyState
                0x00000000000835cf                vTAMCOint2Fired
                0x00000000000835ef                vSetPHYfromMacValue.12681
                0x0000000000083621                vTAMDEint1FiredWaitDR
                0x000000000008362e                vTACsetPHYfromMacValue
                0x000000000008364f                vTAMRXEsetReceiveForPibChange
                0x000000000008368f                bAHI_ReadMACID
                0x00000000000836d5                vMLMEbeaconNotify
 .text.unlikely
                0x0000000000083833       0x79 C:\Users\Maeoka\AppData\Local\Temp\cc8zctSP.ltrans3.ltrans.o
                0x0000000000083833                Delay.20048.constprop.16
 .text          0x00000000000838ac      0xa17 C:\Users\Maeoka\AppData\Local\Temp\cc8zctSP.ltrans4.ltrans.o
                0x0000000000083a0c                bAES_CCM_EncodeKey
                0x0000000000083ab9                bTAM_AES_CCMstarPatch
                0x0000000000083bfd                bTAM_AES_CCMstarPatch2006
                0x0000000000083edc                bTATsendFrame
                0x0000000000083f2f                vTrySendFromDirectCAP.12138
                0x0000000000083f4a                vTrySendFromDirectNoBeacon.12142
                0x0000000000083f75                vTAMCOint1Fired
                0x0000000000084091                vTAMCOreqTXnoBeacon
                0x00000000000840a2                vTAMCOreqTXinCAP
                0x00000000000840c7                vTrySendUnslotted.12683
                0x00000000000840e0                bSendDataRequest.12685
                0x00000000000841f2                bProcessBeaconRX.12688
 .text.unlikely
                0x00000000000842c3      0x10d C:\Users\Maeoka\AppData\Local\Temp\cc8zctSP.ltrans4.ltrans.o
                0x00000000000842c3                bStartXtal32k.20054
 .text          0x00000000000843d0      0xa3d C:\Users\Maeoka\AppData\Local\Temp\cc8zctSP.ltrans5.ltrans.o
                0x00000000000843d0                vTACintRXheader
                0x0000000000084bcb                SERIAL_bTxChar
                0x0000000000084c78                vTAMCOint1FiredCAP
                0x0000000000084ceb                vTAMCOstartBeacon
                0x0000000000084d27                vStartStoreValues.12206
                0x0000000000084dde                bStartCallback.12235
 .text          0x0000000000084e0d      0x293 C:\Users\Maeoka\AppData\Local\Temp\cc8zctSP.ltrans6.ltrans.o
                0x000000000008501d                vProcessEvCoreMac
 .text.unlikely
                0x00000000000850a0      0x3ca C:\Users\Maeoka\AppData\Local\Temp\cc8zctSP.ltrans6.ltrans.o
                0x00000000000850a0                ToCoNet_vStart
 *fill*         0x000000000008546a        0x2 00
 .text          0x000000000008546c      0xa34 C:\Users\Maeoka\AppData\Local\Temp\cc8zctSP.ltrans7.ltrans.o
                0x000000000008546c                vPMICassocReqTO_1.7984
                0x00000000000854f4                vTAM_MCPSdataRequest
                0x0000000000085537                bTACcheckPANconflict
                0x00000000000855f0                vTAMDEstartSync
                0x000000000008566f                eTAMselect
                0x00000000000857b0                MAC_pvCtor
                0x0000000000085bd9                u32AppApiDefInit
                0x0000000000085ca4                vDeterminePowerState.12805
                0x0000000000085d28                vTAMDEint1FiredTrackingBeacon
                0x0000000000085dc8                vTAMDEint2FiredTrackingDR
                0x0000000000085ded                vTAMDEframeTXtrackingDR
                0x0000000000085e46                vTAMDEint2FiredPollActive
                0x0000000000085e7a                vTAMDEreqTXnullTrackingCAP
                0x0000000000085e93                vTAM_TxRetryTimer
 .text          0x0000000000085ea0      0xa28 C:\Users\Maeoka\AppData\Local\Temp\cc8zctSP.ltrans8.ltrans.o
                0x0000000000085ea0                vPostDcfm.9547
                0x0000000000085f74                AppWarmStart
                0x0000000000085fea                vSetNextChannel.9595
                0x0000000000086043                MAC_vHandleMlmeReqRsp
                0x00000000000867f1                vTAMDEint1FiredTracking
                0x0000000000086861                vTAMDEint1FiredSyncReq
 .text          0x00000000000868c8      0x849 C:\Users\Maeoka\AppData\Local\Temp\cc8zctSP.ltrans9.ltrans.o
                0x00000000000868c8                mac_vLPBStartTimer
                0x0000000000086bf3                vTimerCallback.20030
                0x0000000000086c69                vPollClkSource.20038.constprop.13
                0x0000000000086c7e                pvHeap_Alloc
                0x0000000000086c80                u32AHI_Init
                0x0000000000086d42                vMicroIntRestoreState
                0x0000000000086d4e                vAHI_WakeTimerStop.part.3.20715
                0x0000000000086d6e                mac_vLPBStopTimer
                0x0000000000086d78                vAHI_UartSetRTSCTS.part.15.20496
                0x0000000000086d9f                vAHI_UartReset.part.4.20469
                0x0000000000086dd7                vAHI_UartSetBaudDivisor.part.1.20449
                0x0000000000086e16                vAHI_WatchdogStop
                0x0000000000086e2d                vACI_OptimisedCcmStar
                0x0000000000087045                bAES_CCMstar
 .text.unlikely
                0x0000000000087111       0x38 C:\Users\Maeoka\AppData\Local\Temp\cc8zctSP.ltrans9.ltrans.o
                0x0000000000087111                vAHI_CpuDoze
                0x0000000000087124                vStartXtal32kExternalRc.20044
                0x0000000000087135                vAHI_DioSetDirection
 .text          0x0000000000087149      0x7ba C:\Users\Maeoka\AppData\Local\Temp\cc8zctSP.ltrans10.ltrans.o
                0x0000000000087149                eAppApiDefPlmeSet
                0x00000000000871ba                _ToCoNet_bRfChChannel
                0x0000000000087221                ToCoNet_vMain
                0x00000000000878d8                vAppApiDefMcpsRequest
 *fill*         0x0000000000087903        0x1 00
 .text          0x0000000000087904      0x780 C:\Users\Maeoka\AppData\Local\Temp\cc8zctSP.ltrans11.ltrans.o
                0x0000000000087904                eGenTmrExpiry.9856
                0x0000000000087946                eWEDTEdDone.9859
                0x000000000008796a                TSV_eStop
                0x0000000000087a28                bPMICdisassocReqSent.7980
                0x0000000000087ae2                MAC_vHandleMcpsReqRsp
                0x0000000000087b6f                bMCPSframeTXcomplete.10591
                0x0000000000087bc4                bSendSyncLoss.14818
                0x0000000000087bdc                bPollReqSent.18414
                0x0000000000087bf4                bTASsendCommStatusInd
                0x0000000000087c09                bAssocRespSent.7976
                0x0000000000087c1c                eTACprocessFrameTXcomplete
                0x0000000000087d99                vTAMCOframeTXnobeacon
                0x0000000000087dae                vTAMCOframeStarting
                0x0000000000087dc7                vTAMDEframeTXDEnull
                0x0000000000087dea                vTAMDEframeTXtrackingCAPgts
                0x0000000000087e16                bPMICassocReqSent.7972
                0x0000000000087e98                bPMICassocReqPollSent.7987
                0x0000000000087eec                eWChCChanChgd.9571
 .text          0x0000000000088084      0x6f9 C:\Users\Maeoka\AppData\Local\Temp\cc8zctSP.ltrans12.ltrans.o
                0x0000000000088084                TSV_eStart
                0x0000000000088168                eTAStransmitRequest
                0x0000000000088503                TSV_eOpen
                0x000000000008850b                vAppApiDefRestoreMacSettings
                0x00000000000885f2                vAppApiDefSaveMacSettings
                0x000000000008864f                mac_vLPBSleep
                0x0000000000088722                pvAppApiDefGetMacAddrLocation
                0x000000000008872b                eAppApiDefPlmeGet
 .text          0x000000000008877d      0x534 C:\Users\Maeoka\AppData\Local\Temp\cc8zctSP.ltrans13.ltrans.o
                0x000000000008877d                AppColdStart
 .text          0x0000000000088cb1      0x457 C:\Users\Maeoka\AppData\Local\Temp\cc8zctSP.ltrans14.ltrans.o
                0x0000000000088cb1                vAHI_IntHandlerTickTimer
                0x0000000000088cf8                eGenRxHdrDone.9554
                0x0000000000088d08                vAppApiDefMlmeRequest
                0x0000000000088d33                pvAppApiDefGetMacHandle
                0x0000000000088d3c                cbAppColdStart.part.0.1349
 .text.unlikely
                0x0000000000089108       0x1d C:\Users\Maeoka\AppData\Local\Temp\cc8zctSP.ltrans14.ltrans.o
                0x0000000000089108                Mac_vReset
 .text          0x0000000000089125       0x25 c:/mwsdk/tools/ba-elf-ba2-r36379/bin/../lib/gcc/ba-elf/4.7.4/../../../../ba-elf/lib/mcpu_jn51xx_sizeopt\libc.a(lib_a-memcmp.o)
                0x0000000000089125                memcmp
 .text          0x000000000008914a       0x19 c:/mwsdk/tools/ba-elf-ba2-r36379/bin/../lib/gcc/ba-elf/4.7.4/../../../../ba-elf/lib/mcpu_jn51xx_sizeopt\libc.a(lib_a-memcpy.o)
 .text          0x0000000000089163       0x12 c:/mwsdk/tools/ba-elf-ba2-r36379/bin/../lib/gcc/ba-elf/4.7.4/../../../../ba-elf/lib/mcpu_jn51xx_sizeopt\libc.a(lib_a-memset.o)
                0x0000000000089163                memset
 *fill*         0x0000000000089175        0x3 00
 .text          0x0000000000089178      0x204 c:/mwsdk/tools/ba-elf-ba2-r36379/bin/../lib/gcc/ba-elf/4.7.4/mcpu_jn51xx_sizeopt\libgcc.a(__udivsi3.o)
                0x0000000000089178                __udivsi3
 .text          0x000000000008937c       0x30 c:/mwsdk/tools/ba-elf-ba2-r36379/bin/../lib/gcc/ba-elf/4.7.4/mcpu_jn51xx_sizeopt\libgcc.a(__divsi3.o)
                0x000000000008937c                __divsi3
 .text          0x00000000000893ac      0x1b0 c:/mwsdk/tools/ba-elf-ba2-r36379/bin/../lib/gcc/ba-elf/4.7.4/mcpu_jn51xx_sizeopt\libgcc.a(__umodsi3.o)
                0x00000000000893ac                __umodsi3
 .text          0x000000000008955c       0x27 c:/MWSDK/ChipLib/SW4063V1416/Components/Library\libHardwareApi_JN5169.a(AHI_Interrupt.o)
                0x000000000008955c                vAHI_InterruptSetPriority
                0x000000000008957a                vAHI_InterruptSetActivePriorityLevel
                0x0000000000089583                _flash_end = ABSOLUTE (.)

.rela.dyn       0x0000000000089584        0x0
 .rela.text     0x0000000000000000        0x0 C:\Users\Maeoka\AppData\Local\Temp\cc8zctSP.ltrans0.ltrans.o
 .rela.text.unlikely
                0x0000000000000000        0x0 C:\Users\Maeoka\AppData\Local\Temp\cc8zctSP.ltrans0.ltrans.o
 .rela.rodata   0x0000000000000000        0x0 C:\Users\Maeoka\AppData\Local\Temp\cc8zctSP.ltrans0.ltrans.o
 .rela.data     0x0000000000000000        0x0 C:\Users\Maeoka\AppData\Local\Temp\cc8zctSP.ltrans0.ltrans.o
                0x000000000400004c                . = ORIGIN (ram)

.data           0x000000000400004c        0x8 load address 0x0000000000089584
                0x000000000400004c                _ram_data_start = ABSOLUTE (.)
 *(.data*)
 .data          0x000000000400004c        0x1 C:\Users\Maeoka\AppData\Local\Temp\cc8zctSP.ltrans2.ltrans.o
 .data          0x000000000400004d        0x1 C:\Users\Maeoka\AppData\Local\Temp\cc8zctSP.ltrans7.ltrans.o
 .data.initinboot
                0x000000000400004e        0x1 C:\Users\Maeoka\AppData\Local\Temp\cc8zctSP.ltrans7.ltrans.o
                0x000000000400004e                gMAC_u8MaxBuffers
 *fill*         0x000000000400004f        0x1 00
 .data          0x0000000004000050        0x4 C:\Users\Maeoka\AppData\Local\Temp\cc8zctSP.ltrans9.ltrans.o
                0x0000000004000050                u32HeapStart
 *(.data.*)
                0x0000000004000054                . = ALIGN (0x4)
                0x0000000004000054                _ram_data_end = ABSOLUTE (.)

.bss            0x0000000004000054      0xdec load address 0x000000000008958c
                0x0000000004000054                _bss_start = ABSOLUTE (.)
 *(.bss*)
 .bss           0x0000000004000054       0x1c C:\Users\Maeoka\AppData\Local\Temp\cc8zctSP.ltrans0.ltrans.o
 .bss           0x0000000004000070       0x40 C:\Users\Maeoka\AppData\Local\Temp\cc8zctSP.ltrans1.ltrans.o
                0x0000000004000070                g_sLP
                0x00000000040000ac                g_pvMac
 .bss.initinboot
                0x00000000040000b0      0x1c0 C:\Users\Maeoka\AppData\Local\Temp\cc8zctSP.ltrans1.ltrans.o
                0x00000000040000b0                g_sMac
 .bss           0x0000000004000270      0x730 C:\Users\Maeoka\AppData\Local\Temp\cc8zctSP.ltrans2.ltrans.o
                0x0000000004000270                prApAppCallback.19893
                0x0000000004000274                prSpiAppCallback.20018
                0x0000000004000278                prSiAppCallback.21235
                0x000000000400027c                prAppMcpsCallback.2663
                0x0000000004000280                prAppMlmeCallback.2664
 .bss.initinboot
                0x00000000040009a0        0x4 C:\Users\Maeoka\AppData\Local\Temp\cc8zctSP.ltrans2.ltrans.o
                0x00000000040009a0                prSysCtrlAppCallback.20226
 .bss           0x00000000040009a4       0x24 C:\Users\Maeoka\AppData\Local\Temp\cc8zctSP.ltrans3.ltrans.o
                0x00000000040009a4                bTxEventQueued.15713
                0x00000000040009a5                u8TxEventStatus.15714
                0x00000000040009a8                sAppHousekeeping
                0x00000000040009c0                prAppHwCallback.2665
                0x00000000040009c4                gbTimeOutFlag.20222
 .bss.dontinitinboot
                0x00000000040009c8        0x1 C:\Users\Maeoka\AppData\Local\Temp\cc8zctSP.ltrans4.ltrans.o
 *fill*         0x00000000040009c9        0x3 00
 .bss           0x00000000040009cc        0x8 C:\Users\Maeoka\AppData\Local\Temp\cc8zctSP.ltrans5.ltrans.o
 .bss           0x00000000040009d4      0x140 C:\Users\Maeoka\AppData\Local\Temp\cc8zctSP.ltrans6.ltrans.o
                0x00000000040009d4                prOriginalHandler.3821
                0x00000000040009d8                psRxQueueList.3687
                0x00000000040009ec                prTickTimeAppCallback
                0x00000000040009f0                apfTimerAppCallback.20435
                0x0000000004000a04                au16TimerSettings.20384
                0x0000000004000a10                asEventHandler.2760
                0x0000000004000a90                sEvVars
                0x0000000004000aac                u32TickCount_ms
                0x0000000004000ab0                sRxQueue
                0x0000000004000acc                sRxQueueCmd.1834
 .bss           0x0000000004000b14       0x10 C:\Users\Maeoka\AppData\Local\Temp\cc8zctSP.ltrans7.ltrans.o
                0x0000000004000b14                i8TxPower.11391
                0x0000000004000b18                g_sXcv
                0x0000000004000b1c                prMcpsRequest.4985
                0x0000000004000b20                prMlmeRequest.4984
 .bss.initinboot
                0x0000000004000b24        0x8 C:\Users\Maeoka\AppData\Local\Temp\cc8zctSP.ltrans7.ltrans.o
                0x0000000004000b24                g_u32MacAddrLocation
                0x0000000004000b28                prvUserTxStartedCallback
 .bss           0x0000000004000b2c       0x70 C:\Users\Maeoka\AppData\Local\Temp\cc8zctSP.ltrans8.ltrans.o
                0x0000000004000b2c                sToCoNet_AppContext
                0x0000000004000b48                sToCoNet_Context
                0x0000000004000b8c                sAssocSecurity.8601
                0x0000000004000b98                g_bJenieBackwardsCompatibilityMode
 .bss           0x0000000004000b9c        0x4 C:\Users\Maeoka\AppData\Local\Temp\cc8zctSP.ltrans9.ltrans.o
 .bss.dontinitinboot
                0x0000000004000ba0        0x4 C:\Users\Maeoka\AppData\Local\Temp\cc8zctSP.ltrans9.ltrans.o
 .bss           0x0000000004000ba4       0x7c C:\Users\Maeoka\AppData\Local\Temp\cc8zctSP.ltrans10.ltrans.o
                0x0000000004000ba4                sMcpsIndQueue.2659
                0x0000000004000bb4                bRxQueue_Init.3688
                0x0000000004000bb5                u8AppId_Pkt_head.3690
                0x0000000004000bb8                u32AppId.3686
                0x0000000004000bbc                sMcpsIndBufferQueue.2657
                0x0000000004000bcc                sMlmeIndQueue.2660
                0x0000000004000bdc                sMlmeIndBufferQueue.2658
                0x0000000004000bec                sHwIndQueue.2661
                0x0000000004000bfc                sSerStream.1404
                0x0000000004000c04                sHwIndBufferQueue.2662
 .bss           0x0000000004000c20       0x14 C:\Users\Maeoka\AppData\Local\Temp\cc8zctSP.ltrans11.ltrans.o
                0x0000000004000c20                s_sTimerList
                0x0000000004000c30                u8AssocResponsesInProgress.8600
 .bss           0x0000000004000c34       0x1c C:\Users\Maeoka\AppData\Local\Temp\cc8zctSP.ltrans12.ltrans.o
 .bss.initinboot
                0x0000000004000c50        0x1 C:\Users\Maeoka\AppData\Local\Temp\cc8zctSP.ltrans12.ltrans.o
 *fill*         0x0000000004000c51        0x3 00
 .bss           0x0000000004000c54       0x9c C:\Users\Maeoka\AppData\Local\Temp\cc8zctSP.ltrans13.ltrans.o
                0x0000000004000c54                sContext.3811
                0x0000000004000c80                TWENET_u8RFdevice_minor.3115
                0x0000000004000c81                TWENET_u8RFdevice_major.3114
                0x0000000004000c82                _TWENET_TX_POWER_MAX
                0x0000000004000c84                sToCoNet_Modules
 .bss           0x0000000004000cf0      0x110 C:\Users\Maeoka\AppData\Local\Temp\cc8zctSP.ltrans14.ltrans.o
                0x0000000004000cf0                prUart1AppCallback.20690
                0x0000000004000cf4                prUart0AppCallback.20689
                0x0000000004000cf8                asUARTS.3986
                0x0000000004000d18                sOpt.3993
                0x0000000004000d28                asSerialPorts
 .bss.dontinitinboot
                0x0000000004000e00       0x40 c:/MWSDK/ChipLib/SW4063V1416/Components/Library\libBoot_JN516x.a(ExceptionHandler.o)
                0x0000000004000e00                isr_handlers
 *(.bss.*)
 *(.scommon*)
 *(.scommon.*)
 *(COMMON)
                0x0000000004000e40                . = ALIGN (0x4)
                0x0000000004000e40                _bss_end = ABSOLUTE (.)
                0x0000000004000e40                end = .

.heap           0x0000000004000e40      0xd16 load address 0x000000000008a378
                0x0000000004000e40                _heap_start = ABSOLUTE (.)
                0x0000000004001b56                . = (. + __minimum_heap_size)
 *fill*         0x0000000004000e40      0xd16 00

.stack          0x0000000004007800      0x800 load address 0x0000000000090d38
                0x0000000004007800                _heap_end = ABSOLUTE (.)
                0x0000000004007800                _stack_low_water_mark = ABSOLUTE (.)
                0x0000000004008000                . = (. + __stack_size)
 *fill*         0x0000000004007800      0x800 00
                0x0000000004008000                _stack = .

.test           0x000000000008958c        0x1
                0x000000000008958c        0x1 BYTE 0xff
                0x0000000000089584                _flash_data_start = LOADADDR (.data)
                0x0000000000000008                _ram_data_len = (((_ram_data_end - _ram_data_start) + 0x3) & 0xfffffffffffffffc)
                0x0000000000000dec                _bss_len = (((_bss_end - _bss_start) + 0x3) & 0xfffffffffffffffc)
                0x000000000000958c                _image_len = ((((_flash_end - _flash_start) + _ram_data_len) + 0x3) & 0xfffffffffffffffc)
                0x0000000004008000                _ram_top = (ABSOLUTE (ORIGIN (ram)) + 0x7fb4)
                0x0000000004008000                ram_top = (ABSOLUTE (ORIGIN (ram)) + 0x7fb4)
                0x0000000001001580                _app_ram_start = 0x1001580
                0x0000000004000050                PROVIDE (_heap_location, u32HeapStart)
                0x0000000004000050                PROVIDE (heap_location, u32HeapStart)
                0x0000000000088503                TSV_eOpenVector = TSV_eOpen
                0x0000000000088084                TSV_eStartVector = TSV_eStart
                0x000000000008796a                TSV_eStopVector = TSV_eStop
                0x0000000000088d33                pvAppApiGetMacHandle = pvAppApiDefGetMacHandle
                0x0000000000085bd9                u32AppApiInit = u32AppApiDefInit
                0x0000000000088d08                vAppApiMlmeRequest = vAppApiDefMlmeRequest
                0x00000000000878d8                vAppApiMcpsRequest = vAppApiDefMcpsRequest
                0x0000000000087149                eAppApiPlmeSet = eAppApiDefPlmeSet
                0x000000000008872b                eAppApiPlmeGet = eAppApiDefPlmeGet
                0x0000000000088722                pvAppApiGetMacAddrLocation = pvAppApiDefGetMacAddrLocation
                0x00000000000885f2                vAppApiSaveMacSettings = vAppApiDefSaveMacSettings
                0x000000000008850b                vAppApiRestoreMacSettings = vAppApiDefRestoreMacSettings
OUTPUT(objs_RED/pencil_prod_counter_Main_RED_L1200_V0-1-1.elf elf32-ba)

.comment        0x0000000000000000       0x11
 .comment       0x0000000000000000       0x11 C:\Users\Maeoka\AppData\Local\Temp\cc8zctSP.ltrans0.ltrans.o
                                         0x12 (size before relaxing)
 .comment       0x0000000000000000       0x12 C:\Users\Maeoka\AppData\Local\Temp\cc8zctSP.ltrans1.ltrans.o
 .comment       0x0000000000000000       0x12 C:\Users\Maeoka\AppData\Local\Temp\cc8zctSP.ltrans2.ltrans.o
 .comment       0x0000000000000000       0x12 C:\Users\Maeoka\AppData\Local\Temp\cc8zctSP.ltrans3.ltrans.o
 .comment       0x0000000000000000       0x12 C:\Users\Maeoka\AppData\Local\Temp\cc8zctSP.ltrans4.ltrans.o
 .comment       0x0000000000000000       0x12 C:\Users\Maeoka\AppData\Local\Temp\cc8zctSP.ltrans5.ltrans.o
 .comment       0x0000000000000000       0x12 C:\Users\Maeoka\AppData\Local\Temp\cc8zctSP.ltrans6.ltrans.o
 .comment       0x0000000000000000       0x12 C:\Users\Maeoka\AppData\Local\Temp\cc8zctSP.ltrans7.ltrans.o
 .comment       0x0000000000000000       0x12 C:\Users\Maeoka\AppData\Local\Temp\cc8zctSP.ltrans8.ltrans.o
 .comment       0x0000000000000000       0x12 C:\Users\Maeoka\AppData\Local\Temp\cc8zctSP.ltrans9.ltrans.o
 .comment       0x0000000000000000       0x12 C:\Users\Maeoka\AppData\Local\Temp\cc8zctSP.ltrans10.ltrans.o
 .comment       0x0000000000000000       0x12 C:\Users\Maeoka\AppData\Local\Temp\cc8zctSP.ltrans11.ltrans.o
 .comment       0x0000000000000000       0x12 C:\Users\Maeoka\AppData\Local\Temp\cc8zctSP.ltrans12.ltrans.o
 .comment       0x0000000000000000       0x12 C:\Users\Maeoka\AppData\Local\Temp\cc8zctSP.ltrans13.ltrans.o
 .comment       0x0000000000000000       0x12 C:\Users\Maeoka\AppData\Local\Temp\cc8zctSP.ltrans14.ltrans.o
 .comment       0x0000000000000000       0x12 c:/mwsdk/tools/ba-elf-ba2-r36379/bin/../lib/gcc/ba-elf/4.7.4/../../../../ba-elf/lib/mcpu_jn51xx_sizeopt\libc.a(lib_a-memcmp.o)
 .comment       0x0000000000000000       0x12 c:/mwsdk/tools/ba-elf-ba2-r36379/bin/../lib/gcc/ba-elf/4.7.4/../../../../ba-elf/lib/mcpu_jn51xx_sizeopt\libc.a(lib_a-memcpy.o)
 .comment       0x0000000000000000       0x12 c:/mwsdk/tools/ba-elf-ba2-r36379/bin/../lib/gcc/ba-elf/4.7.4/../../../../ba-elf/lib/mcpu_jn51xx_sizeopt\libc.a(lib_a-memset.o)

.debug_info     0x0000000000000000      0x596
 .debug_info    0x0000000000000000       0xf3 c:/mwsdk/tools/ba-elf-ba2-r36379/bin/../lib/gcc/ba-elf/4.7.4/../../../../ba-elf/lib/mcpu_jn51xx_sizeopt\libc.a(lib_a-memcmp.o)
 .debug_info    0x00000000000000f3      0x106 c:/mwsdk/tools/ba-elf-ba2-r36379/bin/../lib/gcc/ba-elf/4.7.4/../../../../ba-elf/lib/mcpu_jn51xx_sizeopt\libc.a(lib_a-memcpy.o)
 .debug_info    0x00000000000001f9       0xd7 c:/mwsdk/tools/ba-elf-ba2-r36379/bin/../lib/gcc/ba-elf/4.7.4/../../../../ba-elf/lib/mcpu_jn51xx_sizeopt\libc.a(lib_a-memset.o)
 .debug_info    0x00000000000002d0       0xb4 c:/mwsdk/tools/ba-elf-ba2-r36379/bin/../lib/gcc/ba-elf/4.7.4/mcpu_jn51xx_sizeopt\libgcc.a(__udivsi3.o)
 .debug_info    0x0000000000000384       0xb4 c:/mwsdk/tools/ba-elf-ba2-r36379/bin/../lib/gcc/ba-elf/4.7.4/mcpu_jn51xx_sizeopt\libgcc.a(__divsi3.o)
 .debug_info    0x0000000000000438       0xb4 c:/mwsdk/tools/ba-elf-ba2-r36379/bin/../lib/gcc/ba-elf/4.7.4/mcpu_jn51xx_sizeopt\libgcc.a(__umodsi3.o)
 .debug_info    0x00000000000004ec       0xaa c:/MWSDK/ChipLib/SW4063V1416/Components/Library\libBoot_JN516x.a(ExceptionHandler.o)

.debug_abbrev   0x0000000000000000      0x210
 .debug_abbrev  0x0000000000000000       0x8e c:/mwsdk/tools/ba-elf-ba2-r36379/bin/../lib/gcc/ba-elf/4.7.4/../../../../ba-elf/lib/mcpu_jn51xx_sizeopt\libc.a(lib_a-memcmp.o)
 .debug_abbrev  0x000000000000008e       0xa4 c:/mwsdk/tools/ba-elf-ba2-r36379/bin/../lib/gcc/ba-elf/4.7.4/../../../../ba-elf/lib/mcpu_jn51xx_sizeopt\libc.a(lib_a-memcpy.o)
 .debug_abbrev  0x0000000000000132       0x8e c:/mwsdk/tools/ba-elf-ba2-r36379/bin/../lib/gcc/ba-elf/4.7.4/../../../../ba-elf/lib/mcpu_jn51xx_sizeopt\libc.a(lib_a-memset.o)
 .debug_abbrev  0x00000000000001c0       0x14 c:/mwsdk/tools/ba-elf-ba2-r36379/bin/../lib/gcc/ba-elf/4.7.4/mcpu_jn51xx_sizeopt\libgcc.a(__udivsi3.o)
 .debug_abbrev  0x00000000000001d4       0x14 c:/mwsdk/tools/ba-elf-ba2-r36379/bin/../lib/gcc/ba-elf/4.7.4/mcpu_jn51xx_sizeopt\libgcc.a(__divsi3.o)
 .debug_abbrev  0x00000000000001e8       0x14 c:/mwsdk/tools/ba-elf-ba2-r36379/bin/../lib/gcc/ba-elf/4.7.4/mcpu_jn51xx_sizeopt\libgcc.a(__umodsi3.o)
 .debug_abbrev  0x00000000000001fc       0x14 c:/MWSDK/ChipLib/SW4063V1416/Components/Library\libBoot_JN516x.a(ExceptionHandler.o)

.debug_loc      0x0000000000000000       0xeb
 .debug_loc     0x0000000000000000       0x73 c:/mwsdk/tools/ba-elf-ba2-r36379/bin/../lib/gcc/ba-elf/4.7.4/../../../../ba-elf/lib/mcpu_jn51xx_sizeopt\libc.a(lib_a-memcmp.o)
 .debug_loc     0x0000000000000073       0x39 c:/mwsdk/tools/ba-elf-ba2-r36379/bin/../lib/gcc/ba-elf/4.7.4/../../../../ba-elf/lib/mcpu_jn51xx_sizeopt\libc.a(lib_a-memcpy.o)
 .debug_loc     0x00000000000000ac       0x3f c:/mwsdk/tools/ba-elf-ba2-r36379/bin/../lib/gcc/ba-elf/4.7.4/../../../../ba-elf/lib/mcpu_jn51xx_sizeopt\libc.a(lib_a-memset.o)

.debug_aranges  0x0000000000000000       0xe0
 .debug_aranges
                0x0000000000000000       0x20 c:/mwsdk/tools/ba-elf-ba2-r36379/bin/../lib/gcc/ba-elf/4.7.4/../../../../ba-elf/lib/mcpu_jn51xx_sizeopt\libc.a(lib_a-memcmp.o)
 .debug_aranges
                0x0000000000000020       0x20 c:/mwsdk/tools/ba-elf-ba2-r36379/bin/../lib/gcc/ba-elf/4.7.4/../../../../ba-elf/lib/mcpu_jn51xx_sizeopt\libc.a(lib_a-memcpy.o)
 .debug_aranges
                0x0000000000000040       0x20 c:/mwsdk/tools/ba-elf-ba2-r36379/bin/../lib/gcc/ba-elf/4.7.4/../../../../ba-elf/lib/mcpu_jn51xx_sizeopt\libc.a(lib_a-memset.o)
 .debug_aranges
                0x0000000000000060       0x20 c:/mwsdk/tools/ba-elf-ba2-r36379/bin/../lib/gcc/ba-elf/4.7.4/mcpu_jn51xx_sizeopt\libgcc.a(__udivsi3.o)
 .debug_aranges
                0x0000000000000080       0x20 c:/mwsdk/tools/ba-elf-ba2-r36379/bin/../lib/gcc/ba-elf/4.7.4/mcpu_jn51xx_sizeopt\libgcc.a(__divsi3.o)
 .debug_aranges
                0x00000000000000a0       0x20 c:/mwsdk/tools/ba-elf-ba2-r36379/bin/../lib/gcc/ba-elf/4.7.4/mcpu_jn51xx_sizeopt\libgcc.a(__umodsi3.o)
 .debug_aranges
                0x00000000000000c0       0x20 c:/MWSDK/ChipLib/SW4063V1416/Components/Library\libBoot_JN516x.a(ExceptionHandler.o)

.debug_line     0x0000000000000000      0xe6e
 .debug_line    0x0000000000000000      0x154 c:/mwsdk/tools/ba-elf-ba2-r36379/bin/../lib/gcc/ba-elf/4.7.4/../../../../ba-elf/lib/mcpu_jn51xx_sizeopt\libc.a(lib_a-memcmp.o)
 .debug_line    0x0000000000000154      0x148 c:/mwsdk/tools/ba-elf-ba2-r36379/bin/../lib/gcc/ba-elf/4.7.4/../../../../ba-elf/lib/mcpu_jn51xx_sizeopt\libc.a(lib_a-memcpy.o)
 .debug_line    0x000000000000029c      0x13e c:/mwsdk/tools/ba-elf-ba2-r36379/bin/../lib/gcc/ba-elf/4.7.4/../../../../ba-elf/lib/mcpu_jn51xx_sizeopt\libc.a(lib_a-memset.o)
 .debug_line    0x00000000000003da      0x47b c:/mwsdk/tools/ba-elf-ba2-r36379/bin/../lib/gcc/ba-elf/4.7.4/mcpu_jn51xx_sizeopt\libgcc.a(__udivsi3.o)
 .debug_line    0x0000000000000855       0xbb c:/mwsdk/tools/ba-elf-ba2-r36379/bin/../lib/gcc/ba-elf/4.7.4/mcpu_jn51xx_sizeopt\libgcc.a(__divsi3.o)
 .debug_line    0x0000000000000910      0x3c7 c:/mwsdk/tools/ba-elf-ba2-r36379/bin/../lib/gcc/ba-elf/4.7.4/mcpu_jn51xx_sizeopt\libgcc.a(__umodsi3.o)
 .debug_line    0x0000000000000cd7      0x197 c:/MWSDK/ChipLib/SW4063V1416/Components/Library\libBoot_JN516x.a(ExceptionHandler.o)

.debug_str      0x0000000000000000      0x1bf
 .debug_str     0x0000000000000000      0x119 c:/mwsdk/tools/ba-elf-ba2-r36379/bin/../lib/gcc/ba-elf/4.7.4/../../../../ba-elf/lib/mcpu_jn51xx_sizeopt\libc.a(lib_a-memcmp.o)
                                        0x152 (size before relaxing)
 .debug_str     0x0000000000000119       0x5d c:/mwsdk/tools/ba-elf-ba2-r36379/bin/../lib/gcc/ba-elf/4.7.4/../../../../ba-elf/lib/mcpu_jn51xx_sizeopt\libc.a(lib_a-memcpy.o)
                                        0x166 (size before relaxing)
 .debug_str     0x0000000000000176       0x49 c:/mwsdk/tools/ba-elf-ba2-r36379/bin/../lib/gcc/ba-elf/4.7.4/../../../../ba-elf/lib/mcpu_jn51xx_sizeopt\libc.a(lib_a-memset.o)
                                        0x152 (size before relaxing)

.debug_frame    0x0000000000000000       0x60
 .debug_frame   0x0000000000000000       0x20 c:/mwsdk/tools/ba-elf-ba2-r36379/bin/../lib/gcc/ba-elf/4.7.4/../../../../ba-elf/lib/mcpu_jn51xx_sizeopt\libc.a(lib_a-memcmp.o)
 .debug_frame   0x0000000000000020       0x20 c:/mwsdk/tools/ba-elf-ba2-r36379/bin/../lib/gcc/ba-elf/4.7.4/../../../../ba-elf/lib/mcpu_jn51xx_sizeopt\libc.a(lib_a-memcpy.o)
 .debug_frame   0x0000000000000040       0x20 c:/mwsdk/tools/ba-elf-ba2-r36379/bin/../lib/gcc/ba-elf/4.7.4/../../../../ba-elf/lib/mcpu_jn51xx_sizeopt\libc.a(lib_a-memset.o)
